%(levelname)s:%(name)s:%(asctime)s: %(message)s
test
